15:43:21 **** Incremental Build of configuration Debug for project ledblink ****
make -j12 all 
arm-none-eabi-size  ledblink.elf 
   text	   data	    bss	    dec	    hex	filename
   6332	     12	   1572	   7916	   1eec	ledblink.elf
Finished building: default.size.stdout
 
15:43:32 **** Incremental Build of configuration Debug for project ledblink ****
make -j12 all 
arm-none-eabi-size  ledblink.elf 
   text	   data	    bss	    dec	    hex	filename
   6332	     12	   1572	   7916	   1eec	ledblink.elf
Finished building: default.size.stdout
 
15:51:45 **** Incremental Build of configuration Debug for project ledblink ****
make -j12 all 
arm-none-eabi-size  ledblink.elf 
   text	   data	    bss	    dec	    hex	filename
   6332	     12	   1572	   7916	   1eec	ledblink.elf
Finished building: default.size.stdout
 
